Archive member included because of file (symbol)

c:/freescale/kds_v3/toolchain/bin/../lib/gcc/arm-none-eabi/4.8.4/../../../../arm-none-eabi/lib/armv7e-m/fpu\libg_s.a(lib_a-exit.o)
                              c:/freescale/kds_v3/toolchain/bin/../lib/gcc/arm-none-eabi/4.8.4/../../../../arm-none-eabi/lib/armv7e-m/fpu/crt0.o (exit)
c:/freescale/kds_v3/toolchain/bin/../lib/gcc/arm-none-eabi/4.8.4/../../../../arm-none-eabi/lib/armv7e-m/fpu\libg_s.a(lib_a-impure.o)
                              c:/freescale/kds_v3/toolchain/bin/../lib/gcc/arm-none-eabi/4.8.4/../../../../arm-none-eabi/lib/armv7e-m/fpu\libg_s.a(lib_a-exit.o) (_global_impure_ptr)
c:/freescale/kds_v3/toolchain/bin/../lib/gcc/arm-none-eabi/4.8.4/../../../../arm-none-eabi/lib/armv7e-m/fpu\libg_s.a(lib_a-init.o)
                              c:/freescale/kds_v3/toolchain/bin/../lib/gcc/arm-none-eabi/4.8.4/../../../../arm-none-eabi/lib/armv7e-m/fpu/crt0.o (__libc_init_array)
c:/freescale/kds_v3/toolchain/bin/../lib/gcc/arm-none-eabi/4.8.4/../../../../arm-none-eabi/lib/armv7e-m/fpu\libg_s.a(lib_a-memset.o)
                              c:/freescale/kds_v3/toolchain/bin/../lib/gcc/arm-none-eabi/4.8.4/../../../../arm-none-eabi/lib/armv7e-m/fpu/crt0.o (memset)
c:/freescale/kds_v3/toolchain/bin/../lib/gcc/arm-none-eabi/4.8.4/../../../../arm-none-eabi/lib/armv7e-m/fpu\libnosys.a(_exit.o)
                              c:/freescale/kds_v3/toolchain/bin/../lib/gcc/arm-none-eabi/4.8.4/../../../../arm-none-eabi/lib/armv7e-m/fpu\libg_s.a(lib_a-exit.o) (_exit)

Allocating common symbols
Common symbol       size              file

SR_reg              0x1               ./Static_Code/System/CPU_Init.o

Discarded input sections

 .text          0x00000000        0x0 c:/freescale/kds_v3/toolchain/bin/../lib/gcc/arm-none-eabi/4.8.4/armv7e-m/fpu/crti.o
 .data          0x00000000        0x0 c:/freescale/kds_v3/toolchain/bin/../lib/gcc/arm-none-eabi/4.8.4/armv7e-m/fpu/crti.o
 .bss           0x00000000        0x0 c:/freescale/kds_v3/toolchain/bin/../lib/gcc/arm-none-eabi/4.8.4/armv7e-m/fpu/crti.o
 .data          0x00000000        0x4 c:/freescale/kds_v3/toolchain/bin/../lib/gcc/arm-none-eabi/4.8.4/armv7e-m/fpu/crtbegin.o
 .data          0x00000000        0x0 c:/freescale/kds_v3/toolchain/bin/../lib/gcc/arm-none-eabi/4.8.4/../../../../arm-none-eabi/lib/armv7e-m/fpu/crt0.o
 .bss           0x00000000        0x0 c:/freescale/kds_v3/toolchain/bin/../lib/gcc/arm-none-eabi/4.8.4/../../../../arm-none-eabi/lib/armv7e-m/fpu/crt0.o
 .ARM.extab     0x00000000        0x0 c:/freescale/kds_v3/toolchain/bin/../lib/gcc/arm-none-eabi/4.8.4/../../../../arm-none-eabi/lib/armv7e-m/fpu/crt0.o
 .group         0x00000000        0x8 ./Static_Code/System/CPU_Init.o
 .group         0x00000000        0x8 ./Static_Code/System/CPU_Init.o
 .group         0x00000000        0x8 ./Static_Code/System/CPU_Init.o
 .group         0x00000000        0x8 ./Static_Code/System/CPU_Init.o
 .group         0x00000000        0x8 ./Static_Code/System/CPU_Init.o
 .group         0x00000000        0x8 ./Static_Code/System/CPU_Init.o
 .group         0x00000000        0x8 ./Static_Code/System/CPU_Init.o
 .group         0x00000000        0x8 ./Static_Code/System/CPU_Init.o
 .group         0x00000000        0x8 ./Static_Code/System/CPU_Init.o
 .group         0x00000000        0x8 ./Static_Code/System/CPU_Init.o
 .group         0x00000000        0x8 ./Static_Code/System/CPU_Init.o
 .group         0x00000000        0x8 ./Static_Code/System/CPU_Init.o
 .group         0x00000000        0x8 ./Static_Code/System/CPU_Init.o
 .group         0x00000000        0x8 ./Static_Code/System/CPU_Init.o
 .group         0x00000000        0x8 ./Static_Code/System/CPU_Init.o
 .group         0x00000000        0x8 ./Static_Code/System/CPU_Init.o
 .group         0x00000000        0x8 ./Static_Code/System/CPU_Init.o
 .group         0x00000000        0x8 ./Static_Code/System/CPU_Init.o
 .group         0x00000000        0x8 ./Static_Code/System/CPU_Init.o
 .group         0x00000000        0x8 ./Static_Code/System/CPU_Init.o
 .group         0x00000000        0x8 ./Static_Code/System/CPU_Init.o
 .group         0x00000000        0x8 ./Static_Code/System/CPU_Init.o
 .group         0x00000000        0x8 ./Static_Code/System/CPU_Init.o
 .group         0x00000000        0x8 ./Static_Code/System/CPU_Init.o
 .group         0x00000000        0x8 ./Static_Code/System/CPU_Init.o
 .text          0x00000000        0x0 ./Static_Code/System/CPU_Init.o
 .data          0x00000000        0x0 ./Static_Code/System/CPU_Init.o
 .bss           0x00000000        0x0 ./Static_Code/System/CPU_Init.o
 .bss.SR_lock   0x00000000        0x1 ./Static_Code/System/CPU_Init.o
 .bss.ClockConfigurationID
                0x00000000        0x1 ./Static_Code/System/CPU_Init.o
 COMMON         0x00000000        0x1 ./Static_Code/System/CPU_Init.o
 .group         0x00000000        0x8 ./Static_Code/System/Peripherals_Init.o
[...]
Memory Configuration

Name             Origin             Length             Attributes
m_interrupts     0x00000000         0x00000198         xr
m_text           0x00000410         0x0007fbf0         xr
m_data           0x1fff0000         0x00010000         rw
m_data_20000000  0x20000000         0x00010000         rw
m_cfmprotrom     0x00000400         0x00000010         xr
*default*        0x00000000         0xffffffff

Linker script and memory map

LOAD c:/freescale/kds_v3/toolchain/bin/../lib/gcc/arm-none-eabi/4.8.4/armv7e-m/fpu/crti.o
LOAD c:/freescale/kds_v3/toolchain/bin/../lib/gcc/arm-none-eabi/4.8.4/armv7e-m/fpu/crtbegin.o
LOAD c:/freescale/kds_v3/toolchain/bin/../lib/gcc/arm-none-eabi/4.8.4/../../../../arm-none-eabi/lib/armv7e-m/fpu/crt0.o
LOAD ./Static_Code/System/CPU_Init.o
LOAD ./Static_Code/System/Peripherals_Init.o
LOAD ./Static_Code/System/Vectors.o
LOAD ./Sources/Events.o
LOAD ./Sources/main.o
LOAD ./Project_Settings/Startup_Code/startup.o
LOAD ./Generated_Code/BitIoLdd1.o
LOAD ./Generated_Code/BitIoLdd2.o
LOAD ./Generated_Code/BitIoLdd3.o
LOAD ./Generated_Code/BitIoLdd4.o
LOAD ./Generated_Code/Cpu.o
LOAD ./Generated_Code/Input.o
LOAD ./Generated_Code/Output1.o
LOAD ./Generated_Code/Output2.o
LOAD ./Generated_Code/Output3.o
LOAD ./Generated_Code/PE_LDD.o
LOAD ./Generated_Code/Pins1.o
LOAD ./Generated_Code/RNG1.o
LOAD c:/freescale/kds_v3/toolchain/bin/../lib/gcc/arm-none-eabi/4.8.4/../../../../arm-none-eabi/lib/armv7e-m/fpu\libstdc++_s.a
LOAD c:/freescale/kds_v3/toolchain/bin/../lib/gcc/arm-none-eabi/4.8.4/../../../../arm-none-eabi/lib/armv7e-m/fpu\libm.a
START GROUP
LOAD c:/freescale/kds_v3/toolchain/bin/../lib/gcc/arm-none-eabi/4.8.4/armv7e-m/fpu\libgcc.a
LOAD c:/freescale/kds_v3/toolchain/bin/../lib/gcc/arm-none-eabi/4.8.4/../../../../arm-none-eabi/lib/armv7e-m/fpu\libg_s.a
LOAD c:/freescale/kds_v3/toolchain/bin/../lib/gcc/arm-none-eabi/4.8.4/../../../../arm-none-eabi/lib/armv7e-m/fpu\libc_s.a
END GROUP
START GROUP
LOAD c:/freescale/kds_v3/toolchain/bin/../lib/gcc/arm-none-eabi/4.8.4/armv7e-m/fpu\libgcc.a
LOAD c:/freescale/kds_v3/toolchain/bin/../lib/gcc/arm-none-eabi/4.8.4/../../../../arm-none-eabi/lib/armv7e-m/fpu\libc_s.a
LOAD c:/freescale/kds_v3/toolchain/bin/../lib/gcc/arm-none-eabi/4.8.4/../../../../arm-none-eabi/lib/armv7e-m/fpu\libnosys.a
END GROUP
START GROUP
LOAD c:/freescale/kds_v3/toolchain/bin/../lib/gcc/arm-none-eabi/4.8.4/armv7e-m/fpu\libgcc.a
LOAD c:/freescale/kds_v3/toolchain/bin/../lib/gcc/arm-none-eabi/4.8.4/../../../../arm-none-eabi/lib/armv7e-m/fpu\libc_s.a
LOAD c:/freescale/kds_v3/toolchain/bin/../lib/gcc/arm-none-eabi/4.8.4/../../../../arm-none-eabi/lib/armv7e-m/fpu\libnosys.a
END GROUP
LOAD c:/freescale/kds_v3/toolchain/bin/../lib/gcc/arm-none-eabi/4.8.4/armv7e-m/fpu/crtend.o
LOAD c:/freescale/kds_v3/toolchain/bin/../lib/gcc/arm-none-eabi/4.8.4/armv7e-m/fpu/crtn.o
                0x20000000                _estack = 0x20000000
                0x20000000                __SP_INIT = _estack
                0x20000000                __stack = _estack
                0x00000000                __heap_size = 0x0
                0x00000400                __stack_size = 0x400

.interrupts     0x00000000      0x198
                0x00000000                __vector_table = .
                0x00000000                . = ALIGN (0x4)
 *(.vectortable)
 .vectortable   0x00000000      0x198 ./Static_Code/System/Vectors.o
                0x00000000                __vect_table
                0x00000198                . = ALIGN (0x4)

.cfmprotect     0x00000400       0x10
                0x00000400                . = ALIGN (0x4)
 *(.cfmconfig)
 .cfmconfig     0x00000400       0x10 ./Static_Code/System/CPU_Init.o
                0x00000400                _cfm
                0x00000410                . = ALIGN (0x4)

.text           0x00000410      0xf30
                0x00000410                . = ALIGN (0x4)
 *(.text)
 .text          0x00000410       0x54 c:/freescale/kds_v3/toolchain/bin/../lib/gcc/arm-none-eabi/4.8.4/armv7e-m/fpu/crtbegin.o
 .text          0x00000464       0x74 c:/freescale/kds_v3/toolchain/bin/../lib/gcc/arm-none-eabi/4.8.4/../../../../arm-none-eabi/lib/armv7e-m/fpu/crt0.o
                0x00000464                _start
                0x00000464                _mainCRTStartup
 *(.text*)
 .text.CPU_SetBASEPRI
                0x000004d8       0x18 ./Static_Code/System/CPU_Init.o
                0x000004d8                CPU_SetBASEPRI
 .text.__init_hardware
                0x000004f0       0xb4 ./Static_Code/System/CPU_Init.o
                0x000004f0                __init_hardware
 .text.PE_low_level_init
                0x000005a4       0x44 ./Static_Code/System/CPU_Init.o
                0x000005a4                PE_low_level_init
 .text.CPU_GetClockGenMode
                0x000005e8       0x90 ./Static_Code/System/CPU_Init.o
                0x000005e8                CPU_GetClockGenMode
 .text.CPU_SetClockConfigGenMode
                0x00000678      0x54c ./Static_Code/System/CPU_Init.o
                0x00000678                CPU_SetClockConfigGenMode
 .text.UnhandledInterrupt
                0x00000bc4       0x18 ./Static_Code/System/Vectors.o
                0x00000bc4                UnhandledInterrupt
 .text.Cpu_OnNMI
                0x00000bdc        0xc ./Sources/Events.o
                0x00000bdc                Cpu_OnNMI
 .text.main     0x00000be8       0xe4 ./Sources/main.o
                0x00000be8                main
 .text.__copy_rom_section
                0x00000ccc       0xe4 ./Project_Settings/Startup_Code/startup.o
                0x00000ccc                __copy_rom_section
 .text.__copy_rom_sections_to_ram
                0x00000db0       0x9c ./Project_Settings/Startup_Code/startup.o
                0x00000db0                __copy_rom_sections_to_ram
 .text.__init_registers
                0x00000e4c       0x20 ./Project_Settings/Startup_Code/startup.o
                0x00000e4c                __init_registers
 .text.__init_user
                0x00000e6c        0xc ./Project_Settings/Startup_Code/startup.o
                0x00000e6c                __init_user
 .text.__thumb_startup
                0x00000e78       0x34 ./Project_Settings/Startup_Code/startup.o
                0x00000e78                __thumb_startup
 .text.BitIoLdd1_Init
                0x00000eac       0x80 ./Generated_Code/BitIoLdd1.o
                0x00000eac                BitIoLdd1_Init
 .text.BitIoLdd1_PutVal
                0x00000f2c       0x30 ./Generated_Code/BitIoLdd1.o
                0x00000f2c                BitIoLdd1_PutVal
 .text.BitIoLdd2_Init
                0x00000f5c       0x80 ./Generated_Code/BitIoLdd2.o
                0x00000f5c                BitIoLdd2_Init
 .text.BitIoLdd2_PutVal
                0x00000fdc       0x30 ./Generated_Code/BitIoLdd2.o
                0x00000fdc                BitIoLdd2_PutVal
 .text.BitIoLdd3_Init
                0x0000100c       0x80 ./Generated_Code/BitIoLdd3.o
                0x0000100c                BitIoLdd3_Init
 .text.BitIoLdd3_PutVal
                0x0000108c       0x30 ./Generated_Code/BitIoLdd3.o
                0x0000108c                BitIoLdd3_PutVal
 .text.BitIoLdd4_Init
                0x000010bc       0x74 ./Generated_Code/BitIoLdd4.o
                0x000010bc                BitIoLdd4_Init
 .text.BitIoLdd4_GetVal
                0x00001130       0x30 ./Generated_Code/BitIoLdd4.o
                0x00001130                BitIoLdd4_GetVal
 .text.Components_Init
                0x00001160       0x20 ./Generated_Code/Cpu.o
                0x00001160                Components_Init
 .text.Cpu_INT_NMIInterrupt
                0x00001180       0x1c ./Generated_Code/Cpu.o
                0x00001180                Cpu_INT_NMIInterrupt
 .text.exit     0x0000119c       0x28 c:/freescale/kds_v3/toolchain/bin/../lib/gcc/arm-none-eabi/4.8.4/../../../../arm-none-eabi/lib/armv7e-m/fpu\libg_s.a(lib_a-exit.o)
                0x0000119c                exit
 .text.__libc_init_array
                0x000011c4       0x4c c:/freescale/kds_v3/toolchain/bin/../lib/gcc/arm-none-eabi/4.8.4/../../../../arm-none-eabi/lib/armv7e-m/fpu\libg_s.a(lib_a-init.o)
                0x000011c4                __libc_init_array
 .text.memset   0x00001210       0x10 c:/freescale/kds_v3/toolchain/bin/../lib/gcc/arm-none-eabi/4.8.4/../../../../arm-none-eabi/lib/armv7e-m/fpu\libg_s.a(lib_a-memset.o)
                0x00001210                memset
 .text._exit    0x00001220        0x4 c:/freescale/kds_v3/toolchain/bin/../lib/gcc/arm-none-eabi/4.8.4/../../../../arm-none-eabi/lib/armv7e-m/fpu\libnosys.a(_exit.o)
                0x00001220                _exit
 *(.rodata)
 *(.rodata*)
 .rodata.ClockGenModeMatrix
                0x00001224       0x80 ./Static_Code/System/CPU_Init.o
 .rodata.CPU_ClockConfigDescriptors
                0x000012a4       0x1c ./Static_Code/System/CPU_Init.o
 .rodata.CPU_DefaultFEI
                0x000012c0        0x8 ./Static_Code/System/CPU_Init.o
 .rodata.CPU_DefaultFBI
                0x000012c8        0x8 ./Static_Code/System/CPU_Init.o
 .rodata.CPU_DefaultBLPI
                0x000012d0        0x8 ./Static_Code/System/CPU_Init.o
 .rodata.CPU_DefaultFEE
                0x000012d8        0x8 ./Static_Code/System/CPU_Init.o
 .rodata.CPU_DefaultFBE
                0x000012e0        0x8 ./Static_Code/System/CPU_Init.o
 .rodata.CPU_DefaultBLPE
                0x000012e8        0x8 ./Static_Code/System/CPU_Init.o
 .rodata.CPU_DefaultPBE
                0x000012f0        0x8 ./Static_Code/System/CPU_Init.o
 .rodata.CPU_DefaultPEE
                0x000012f8        0x8 ./Static_Code/System/CPU_Init.o
 .rodata.CPU_ClockGenModeRegs
                0x00001300       0x20 ./Static_Code/System/CPU_Init.o
 .rodata.str1.1
                0x00001320        0x2 c:/freescale/kds_v3/toolchain/bin/../lib/gcc/arm-none-eabi/4.8.4/../../../../arm-none-eabi/lib/armv7e-m/fpu\libg_s.a(lib_a-impure.o)
 *fill*         0x00001322        0x2 
 .rodata._global_impure_ptr
                0x00001324        0x4 c:/freescale/kds_v3/toolchain/bin/../lib/gcc/arm-none-eabi/4.8.4/../../../../arm-none-eabi/lib/armv7e-m/fpu\libg_s.a(lib_a-impure.o)
                0x00001324                _global_impure_ptr
 *(.glue_7)
 .glue_7        0x00000000        0x0 linker stubs
 *(.glue_7t)
 .glue_7t       0x00000000        0x0 linker stubs
 *(.eh_frame)
 .eh_frame      0x00001328        0x0 c:/freescale/kds_v3/toolchain/bin/../lib/gcc/arm-none-eabi/4.8.4/armv7e-m/fpu/crtbegin.o
 *(.init)
 .init          0x00001328        0x4 c:/freescale/kds_v3/toolchain/bin/../lib/gcc/arm-none-eabi/4.8.4/armv7e-m/fpu/crti.o
                0x00001328                _init
 .init          0x0000132c        0x8 c:/freescale/kds_v3/toolchain/bin/../lib/gcc/arm-none-eabi/4.8.4/armv7e-m/fpu/crtn.o
 *(.fini)
 .fini          0x00001334        0x4 c:/freescale/kds_v3/toolchain/bin/../lib/gcc/arm-none-eabi/4.8.4/armv7e-m/fpu/crti.o
                0x00001334                _fini
 .fini          0x00001338        0x8 c:/freescale/kds_v3/toolchain/bin/../lib/gcc/arm-none-eabi/4.8.4/armv7e-m/fpu/crtn.o
                0x00001340                . = ALIGN (0x4)
                0x00001340                _etext = .

.vfp11_veneer   0x00001340        0x0
 .vfp11_veneer  0x00000000        0x0 linker stubs

.v4_bx          0x00001340        0x0
 .v4_bx         0x00000000        0x0 linker stubs

.iplt           0x00001340        0x0
 .iplt          0x00000000        0x0 c:/freescale/kds_v3/toolchain/bin/../lib/gcc/arm-none-eabi/4.8.4/armv7e-m/fpu/crtbegin.o

.ARM.extab
 *(.ARM.extab* .gnu.linkonce.armextab.*)

.ARM            0x00001340        0x8
                0x00001340                __exidx_start = .
 *(.ARM.exidx*)
 .ARM.exidx     0x00001340        0x8 c:/freescale/kds_v3/toolchain/bin/../lib/gcc/arm-none-eabi/4.8.4/../../../../arm-none-eabi/lib/armv7e-m/fpu/crt0.o
                0x00001348                __exidx_end = .

.rel.dyn        0x00001348        0x0
 .rel.iplt      0x00000000        0x0 c:/freescale/kds_v3/toolchain/bin/../lib/gcc/arm-none-eabi/4.8.4/armv7e-m/fpu/crtbegin.o

.ctors          0x00001348        0x0
                0x00001348                __CTOR_LIST__ = .
 *crtbegin.o(.ctors)
 *(EXCLUDE_FILE(*crtend.o) .ctors)
 *(SORT(.ctors.*))
 *(.ctors)
                0x00001348                __CTOR_END__ = .

.dtors          0x00001348        0x0
                0x00001348                __DTOR_LIST__ = .
 *crtbegin.o(.dtors)
 *(EXCLUDE_FILE(*crtend.o) .dtors)
 *(SORT(.dtors.*))
 *(.dtors)
                0x00001348                __DTOR_END__ = .

.preinit_array  0x00001348        0x0
                0x00001348                PROVIDE (__preinit_array_start, .)
 *(.preinit_array*)
                0x00001348                PROVIDE (__preinit_array_end, .)

.init_array     0x00001348        0x4
                0x00001348                PROVIDE (__init_array_start, .)
 *(SORT(.init_array.*))
 *(.init_array*)
 .init_array    0x00001348        0x4 c:/freescale/kds_v3/toolchain/bin/../lib/gcc/arm-none-eabi/4.8.4/armv7e-m/fpu/crtbegin.o
                0x0000134c                PROVIDE (__init_array_end, .)

.fini_array     0x0000134c        0x4
                0x0000134c                PROVIDE (__fini_array_start, .)
 *(SORT(.fini_array.*))
 *(.fini_array*)
 .fini_array    0x0000134c        0x4 c:/freescale/kds_v3/toolchain/bin/../lib/gcc/arm-none-eabi/4.8.4/armv7e-m/fpu/crtbegin.o
                0x00001350                PROVIDE (__fini_array_end, .)
                0x00001350                ___ROM_AT = .

.data           0x1fff0000       0x60 load address 0x00001350
                0x1fff0000                . = ALIGN (0x4)
                0x1fff0000                _sdata = .
 *(.data)
 *(.data*)
 .data.impure_data
                0x1fff0000       0x60 c:/freescale/kds_v3/toolchain/bin/../lib/gcc/arm-none-eabi/4.8.4/../../../../arm-none-eabi/lib/armv7e-m/fpu\libg_s.a(lib_a-impure.o)
                0x1fff0060                . = ALIGN (0x4)
                0x1fff0060                _edata = .
                0x00000060                ___data_size = (_edata - _sdata)
                0x000013b0                ___m_data_20000000_ROMStart = (___ROM_AT + SIZEOF (.data))

.jcr            0x1fff0060        0x0 load address 0x000013b0
 .jcr           0x1fff0060        0x0 c:/freescale/kds_v3/toolchain/bin/../lib/gcc/arm-none-eabi/4.8.4/armv7e-m/fpu/crtbegin.o

.igot.plt       0x1fff0060        0x0 load address 0x000013b0
 .igot.plt      0x00000000        0x0 c:/freescale/kds_v3/toolchain/bin/../lib/gcc/arm-none-eabi/4.8.4/armv7e-m/fpu/crtbegin.o

.m_data_20000000
                0x20000000        0x0 load address 0x000013b0
                0x20000000                . = ALIGN (0x4)
                0x20000000                ___m_data_20000000_RAMStart = .
 *(.m_data_20000000)
                0x20000000                ___m_data_20000000_RAMEnd = .
                0x20000000                . = ALIGN (0x4)
                0x00000000                ___m_data_20000000_ROMSize = (___m_data_20000000_RAMEnd - ___m_data_20000000_RAMStart)
                0x20000000                . = ALIGN (0x4)

.bss            0x1fff0060       0x40 load address 0x000013b0
                0x1fff0060                __START_BSS = .
                0x1fff0060                PROVIDE (__bss_start__, __START_BSS)
 *(.bss)
 .bss           0x1fff0060       0x1c c:/freescale/kds_v3/toolchain/bin/../lib/gcc/arm-none-eabi/4.8.4/armv7e-m/fpu/crtbegin.o
 *(.bss*)
 .bss.DeviceDataPrv__DEFAULT_RTOS_ALLOC
                0x1fff007c        0x4 ./Generated_Code/BitIoLdd1.o
 .bss.DeviceDataPrv__DEFAULT_RTOS_ALLOC
                0x1fff0080        0x4 ./Generated_Code/BitIoLdd2.o
 .bss.DeviceDataPrv__DEFAULT_RTOS_ALLOC
                0x1fff0084        0x4 ./Generated_Code/BitIoLdd3.o
 .bss.DeviceDataPrv__DEFAULT_RTOS_ALLOC
                0x1fff0088        0x4 ./Generated_Code/BitIoLdd4.o
 .bss.PE_LDD_DeviceDataList
                0x1fff008c       0x14 ./Generated_Code/PE_LDD.o
                0x1fff008c                PE_LDD_DeviceDataList
 *(COMMON)
                0x1fff00a0                . = ALIGN (0x4)
                0x1fff00a0                __END_BSS = .
                0x1fff00a0                PROVIDE (__bss_end__, __END_BSS)
                0x000013b0                _romp_at = ((___ROM_AT + SIZEOF (.data)) + SIZEOF (.m_data_20000000))

.romp           0x1fff00a0       0x24 load address 0x000013b0
                0x000013b0                __S_romp = _romp_at
                0x1fff00a0        0x4 LONG 0x1350 ___ROM_AT
                0x1fff00a4        0x4 LONG 0x1fff0000 _sdata
                0x1fff00a8        0x4 LONG 0x60 ___data_size
                0x1fff00ac        0x4 LONG 0x13b0 ___m_data_20000000_ROMStart
                0x1fff00b0        0x4 LONG 0x20000000 ___m_data_20000000_RAMStart
                0x1fff00b4        0x4 LONG 0x0 ___m_data_20000000_ROMSize
                0x1fff00b8        0x4 LONG 0x0
                0x1fff00bc        0x4 LONG 0x0
                0x1fff00c0        0x4 LONG 0x0
                0x00080000                text_end = (ORIGIN (m_text) + 0x7fbf0)
                0x000013d4                data_init_end = ((___m_data_20000000_ROMStart + SIZEOF (.m_data_20000000)) + SIZEOF (.romp))
                0x00000001                ASSERT ((data_init_end <= text_end), region m_text overflowed with text and data)

._user_heap_stack
                0x1fff00c4      0x400 load address 0x000013d4
                0x1fff00c4                . = ALIGN (0x4)
                0x1fff00c4                PROVIDE (end, .)
                0x1fff00c4                PROVIDE (_end, .)
                0x1fff00c4                PROVIDE (__end__, .)
                0x1fff00c4                __heap_addr = .
                0x1fff00c4                __HeapBase = .
                0x1fff00c4                . = (. + __heap_size)
                0x1fff00c4                __HeapLimit = .
                0x1fff04c4                . = (. + __stack_size)
 *fill*         0x1fff00c4      0x400 
                0x1fff04c4                . = ALIGN (0x4)

.ARM.attributes
                0x00000000       0x30
 *(.ARM.attributes)
 .ARM.attributes
                0x00000000       0x22 c:/freescale/kds_v3/toolchain/bin/../lib/gcc/arm-none-eabi/4.8.4/armv7e-m/fpu/crti.o
 .ARM.attributes
                0x00000022       0x34 c:/freescale/kds_v3/toolchain/bin/../lib/gcc/arm-none-eabi/4.8.4/armv7e-m/fpu/crtbegin.o
 .ARM.attributes
                0x00000056       0x20 c:/freescale/kds_v3/toolchain/bin/../lib/gcc/arm-none-eabi/4.8.4/../../../../arm-none-eabi/lib/armv7e-m/fpu/crt0.o
 .ARM.attributes
                0x00000076       0x39 ./Static_Code/System/CPU_Init.o
 .ARM.attributes
                0x000000af       0x39 ./Static_Code/System/Vectors.o
 .ARM.attributes
                0x000000e8       0x39 ./Sources/Events.o
 .ARM.attributes
                0x00000121       0x39 ./Sources/main.o
 .ARM.attributes
                0x0000015a       0x39 ./Project_Settings/Startup_Code/startup.o
 .ARM.attributes
                0x00000193       0x39 ./Generated_Code/BitIoLdd1.o
 .ARM.attributes
                0x000001cc       0x39 ./Generated_Code/BitIoLdd2.o
 .ARM.attributes
                0x00000205       0x39 ./Generated_Code/BitIoLdd3.o
 .ARM.attributes
                0x0000023e       0x39 ./Generated_Code/BitIoLdd4.o
 .ARM.attributes
                0x00000277       0x39 ./Generated_Code/Cpu.o
 .ARM.attributes
                0x000002b0       0x39 ./Generated_Code/PE_LDD.o
 .ARM.attributes
                0x000002e9       0x34 c:/freescale/kds_v3/toolchain/bin/../lib/gcc/arm-none-eabi/4.8.4/../../../../arm-none-eabi/lib/armv7e-m/fpu\libg_s.a(lib_a-exit.o)
 .ARM.attributes
                0x0000031d       0x34 c:/freescale/kds_v3/toolchain/bin/../lib/gcc/arm-none-eabi/4.8.4/../../../../arm-none-eabi/lib/armv7e-m/fpu\libg_s.a(lib_a-impure.o)
 .ARM.attributes
                0x00000351       0x34 c:/freescale/kds_v3/toolchain/bin/../lib/gcc/arm-none-eabi/4.8.4/../../../../arm-none-eabi/lib/armv7e-m/fpu\libg_s.a(lib_a-init.o)
 .ARM.attributes
                0x00000385       0x34 c:/freescale/kds_v3/toolchain/bin/../lib/gcc/arm-none-eabi/4.8.4/../../../../arm-none-eabi/lib/armv7e-m/fpu\libg_s.a(lib_a-memset.o)
 .ARM.attributes
                0x000003b9       0x34 c:/freescale/kds_v3/toolchain/bin/../lib/gcc/arm-none-eabi/4.8.4/../../../../arm-none-eabi/lib/armv7e-m/fpu\libnosys.a(_exit.o)
 .ARM.attributes
                0x000003ed       0x22 c:/freescale/kds_v3/toolchain/bin/../lib/gcc/arm-none-eabi/4.8.4/armv7e-m/fpu/crtn.o
OUTPUT(Assignment 1.elf elf32-littlearm)

.debug_info     0x00000000     0x2f87
 .debug_info    0x00000000      0xab8 ./Static_Code/System/CPU_Init.o
 .debug_info    0x00000ab8      0x826 ./Static_Code/System/Vectors.o
 .debug_info    0x000012de       0xc3 ./Sources/Events.o
 .debug_info    0x000013a1      0x10a ./Sources/main.o
 .debug_info    0x000014ab      0x3b0 ./Project_Settings/Startup_Code/startup.o
 .debug_info    0x0000185b      0x539 ./Generated_Code/BitIoLdd1.o
 .debug_info    0x00001d94      0x539 ./Generated_Code/BitIoLdd2.o
 .debug_info    0x000022cd      0x539 ./Generated_Code/BitIoLdd3.o
 .debug_info    0x00002806      0x489 ./Generated_Code/BitIoLdd4.o
 .debug_info    0x00002c8f       0xa7 ./Generated_Code/Cpu.o
 .debug_info    0x00002d36      0x251 ./Generated_Code/PE_LDD.o

.debug_abbrev   0x00000000      0xc82
 .debug_abbrev  0x00000000      0x1bf ./Static_Code/System/CPU_Init.o
 .debug_abbrev  0x000001bf       0xd8 ./Static_Code/System/Vectors.o
 .debug_abbrev  0x00000297       0x80 ./Sources/Events.o
 .debug_abbrev  0x00000317       0xca ./Sources/main.o
 .debug_abbrev  0x000003e1      0x189 ./Project_Settings/Startup_Code/startup.o
 .debug_abbrev  0x0000056a      0x186 ./Generated_Code/BitIoLdd1.o
 .debug_abbrev  0x000006f0      0x186 ./Generated_Code/BitIoLdd2.o
 .debug_abbrev  0x00000876      0x186 ./Generated_Code/BitIoLdd3.o
 .debug_abbrev  0x000009fc      0x134 ./Generated_Code/BitIoLdd4.o
 .debug_abbrev  0x00000b30       0x45 ./Generated_Code/Cpu.o
 .debug_abbrev  0x00000b75      0x10d ./Generated_Code/PE_LDD.o

.debug_aranges  0x00000000      0x578
 .debug_aranges
                0x00000000       0x40 ./Static_Code/System/CPU_Init.o
 .debug_aranges
                0x00000040      0x340 ./Static_Code/System/Vectors.o
 .debug_aranges
                0x00000380       0x28 ./Sources/Events.o
 .debug_aranges
                0x000003a8       0x28 ./Sources/main.o
 .debug_aranges
                0x000003d0       0x50 ./Project_Settings/Startup_Code/startup.o
 .debug_aranges
                0x00000420       0x48 ./Generated_Code/BitIoLdd1.o
 .debug_aranges
                0x00000468       0x48 ./Generated_Code/BitIoLdd2.o
 .debug_aranges
                0x000004b0       0x48 ./Generated_Code/BitIoLdd3.o
 .debug_aranges
                0x000004f8       0x28 ./Generated_Code/BitIoLdd4.o
 .debug_aranges
                0x00000520       0x28 ./Generated_Code/Cpu.o
 .debug_aranges
                0x00000548       0x30 ./Generated_Code/PE_LDD.o

.debug_ranges   0x00000000      0x4c8
 .debug_ranges  0x00000000       0x30 ./Static_Code/System/CPU_Init.o
 .debug_ranges  0x00000030      0x330 ./Static_Code/System/Vectors.o
 .debug_ranges  0x00000360       0x18 ./Sources/Events.o
 .debug_ranges  0x00000378       0x18 ./Sources/main.o
 .debug_ranges  0x00000390       0x40 ./Project_Settings/Startup_Code/startup.o
 .debug_ranges  0x000003d0       0x38 ./Generated_Code/BitIoLdd1.o
 .debug_ranges  0x00000408       0x38 ./Generated_Code/BitIoLdd2.o
 .debug_ranges  0x00000440       0x38 ./Generated_Code/BitIoLdd3.o
 .debug_ranges  0x00000478       0x18 ./Generated_Code/BitIoLdd4.o
 .debug_ranges  0x00000490       0x18 ./Generated_Code/Cpu.o
 .debug_ranges  0x000004a8       0x20 ./Generated_Code/PE_LDD.o

.debug_macro    0x00000000    0x235cc
 .debug_macro   0x00000000      0x1ef ./Static_Code/System/CPU_Init.o
 .debug_macro   0x000001ef      0x850 ./Static_Code/System/CPU_Init.o
 .debug_macro   0x00000a3f       0x16 ./Static_Code/System/CPU_Init.o
 .debug_macro   0x00000a55       0x44 ./Static_Code/System/CPU_Init.o
 .debug_macro   0x00000a99      0x209 ./Static_Code/System/CPU_Init.o
 .debug_macro   0x00000ca2     0x1791 ./Static_Code/System/CPU_Init.o
 .debug_macro   0x00002433     0xbca7 ./Static_Code/System/CPU_Init.o
 .debug_macro   0x0000e0da      0x4c6 ./Static_Code/System/CPU_Init.o
 .debug_macro   0x0000e5a0      0x14e ./Static_Code/System/CPU_Init.o
 .debug_macro   0x0000e6ee       0x6a ./Static_Code/System/CPU_Init.o
 .debug_macro   0x0000e758       0x58 ./Static_Code/System/CPU_Init.o
 .debug_macro   0x0000e7b0       0x35 ./Static_Code/System/CPU_Init.o
 .debug_macro   0x0000e7e5       0xa3 ./Static_Code/System/CPU_Init.o
 .debug_macro   0x0000e888       0x16 ./Static_Code/System/CPU_Init.o
 .debug_macro   0x0000e89e       0x94 ./Static_Code/System/CPU_Init.o
 .debug_macro   0x0000e932      0x12c ./Static_Code/System/CPU_Init.o
 .debug_macro   0x0000ea5e       0x46 ./Static_Code/System/CPU_Init.o
 .debug_macro   0x0000eaa4       0x26 ./Static_Code/System/CPU_Init.o
 .debug_macro   0x0000eaca       0x4c ./Static_Code/System/CPU_Init.o
 .debug_macro   0x0000eb16       0x26 ./Static_Code/System/CPU_Init.o
 .debug_macro   0x0000eb3c       0x4c ./Static_Code/System/CPU_Init.o
 .debug_macro   0x0000eb88       0x26 ./Static_Code/System/CPU_Init.o
 .debug_macro   0x0000ebae       0x34 ./Static_Code/System/CPU_Init.o
 .debug_macro   0x0000ebe2       0xea ./Static_Code/System/CPU_Init.o
 .debug_macro   0x0000eccc       0x40 ./Static_Code/System/CPU_Init.o
 .debug_macro   0x0000ed0c      0x29b ./Static_Code/System/CPU_Init.o
 .debug_macro   0x0000efa7      0x1dd ./Static_Code/System/Vectors.o
 .debug_macro   0x0000f184      0x2f0 ./Sources/Events.o
 .debug_macro   0x0000f474      0x61c ./Sources/Events.o
 .debug_macro   0x0000fa90      0x328 ./Sources/Events.o
 .debug_macro   0x0000fdb8      0x109 ./Sources/Events.o
 .debug_macro   0x0000fec1      0x17f ./Sources/Events.o
 .debug_macro   0x00010040      0x202 ./Sources/Events.o
 .debug_macro   0x00010242      0x91e ./Sources/Events.o
 .debug_macro   0x00010b60       0x9e ./Sources/Events.o
 .debug_macro   0x00010bfe      0x1f9 ./Sources/Events.o
 .debug_macro   0x00010df7      0x39c ./Sources/Events.o
 .debug_macro   0x00011193      0x6a6 ./Sources/Events.o
 .debug_macro   0x00011839      0x29c ./Sources/Events.o
 .debug_macro   0x00011ad5      0x264 ./Sources/Events.o
 .debug_macro   0x00011d39      0x25b ./Sources/Events.o
 .debug_macro   0x00011f94      0x399 ./Sources/Events.o
 .debug_macro   0x0001232d      0x4f1 ./Sources/Events.o
 .debug_macro   0x0001281e      0x13f ./Sources/Events.o
 .debug_macro   0x0001295d       0x6c ./Sources/Events.o
 .debug_macro   0x000129c9      0x30d ./Sources/Events.o
 .debug_macro   0x00012cd6       0xbb ./Sources/Events.o
 .debug_macro   0x00012d91       0xe9 ./Sources/Events.o
 .debug_macro   0x00012e7a      0x4ea ./Sources/Events.o
 .debug_macro   0x00013364      0x18f ./Sources/Events.o
 .debug_macro   0x000134f3      0x344 ./Sources/Events.o
 .debug_macro   0x00013837      0x824 ./Sources/Events.o
 .debug_macro   0x0001405b      0x179 ./Sources/Events.o
 .debug_macro   0x000141d4      0x9e2 ./Sources/Events.o
 .debug_macro   0x00014bb6      0x129 ./Sources/Events.o
 .debug_macro   0x00014cdf      0x648 ./Sources/Events.o
 .debug_macro   0x00015327       0x81 ./Sources/Events.o
 .debug_macro   0x000153a8      0x7bf ./Sources/Events.o
 .debug_macro   0x00015b67      0x66f ./Sources/Events.o
 .debug_macro   0x000161d6       0x7b ./Sources/Events.o
 .debug_macro   0x00016251      0x182 ./Sources/Events.o
 .debug_macro   0x000163d3      0x2f9 ./Sources/main.o
 .debug_macro   0x000166cc       0x22 ./Sources/main.o
 .debug_macro   0x000166ee      0x121 ./Project_Settings/Startup_Code/startup.o
 .debug_macro   0x0001680f      0x166 ./Project_Settings/Startup_Code/startup.o
 .debug_macro   0x00016975       0x4a ./Project_Settings/Startup_Code/startup.o
 .debug_macro   0x000169bf       0x52 ./Project_Settings/Startup_Code/startup.o
 .debug_macro   0x00016a11       0x16 ./Project_Settings/Startup_Code/startup.o
 .debug_macro   0x00016a27       0x43 ./Project_Settings/Startup_Code/startup.o
 .debug_macro   0x00016a6a      0x180 ./Project_Settings/Startup_Code/startup.o
 .debug_macro   0x00016bea      0x2a6 ./Project_Settings/Startup_Code/startup.o
 .debug_macro   0x00016e90       0x10 ./Project_Settings/Startup_Code/startup.o
 .debug_macro   0x00016ea0       0x35 ./Project_Settings/Startup_Code/startup.o
 .debug_macro   0x00016ed5       0x16 ./Project_Settings/Startup_Code/startup.o
 .debug_macro   0x00016eeb       0x22 ./Project_Settings/Startup_Code/startup.o
 .debug_macro   0x00016f0d       0x10 ./Project_Settings/Startup_Code/startup.o
 .debug_macro   0x00016f1d      0x20f ./Project_Settings/Startup_Code/startup.o
 .debug_macro   0x0001712c     0xbc9b ./Project_Settings/Startup_Code/startup.o
 .debug_macro   0x00022dc7       0xfa ./Generated_Code/BitIoLdd1.o
 .debug_macro   0x00022ec1       0xfa ./Generated_Code/BitIoLdd2.o
 .debug_macro   0x00022fbb       0x46 ./Generated_Code/BitIoLdd2.o
 .debug_macro   0x00023001       0xfa ./Generated_Code/BitIoLdd3.o
 .debug_macro   0x000230fb       0x46 ./Generated_Code/BitIoLdd3.o
 .debug_macro   0x00023141       0xfa ./Generated_Code/BitIoLdd4.o
 .debug_macro   0x0002323b       0x2e ./Generated_Code/BitIoLdd4.o
 .debug_macro   0x00023269      0x1ce ./Generated_Code/Cpu.o
 .debug_macro   0x00023437      0x195 ./Generated_Code/PE_LDD.o

.debug_line     0x00000000     0x36b3
 .debug_line    0x00000000      0x585 ./Static_Code/System/CPU_Init.o
 .debug_line    0x00000585      0xb24 ./Static_Code/System/Vectors.o
 .debug_line    0x000010a9      0x5aa ./Sources/Events.o
 .debug_line    0x00001653      0x5ff ./Sources/main.o
 .debug_line    0x00001c52      0x3c8 ./Project_Settings/Startup_Code/startup.o
 .debug_line    0x0000201a      0x39c ./Generated_Code/BitIoLdd1.o
 .debug_line    0x000023b6      0x39c ./Generated_Code/BitIoLdd2.o
 .debug_line    0x00002752      0x39c ./Generated_Code/BitIoLdd3.o
 .debug_line    0x00002aee      0x34d ./Generated_Code/BitIoLdd4.o
 .debug_line    0x00002e3b      0x465 ./Generated_Code/Cpu.o
 .debug_line    0x000032a0      0x413 ./Generated_Code/PE_LDD.o

.debug_str      0x00000000    0xbbf5d
 .debug_str     0x00000000    0x4f9af ./Static_Code/System/CPU_Init.o
                              0x4fb59 (size before relaxing)
 .debug_str     0x0004f9af      0x980 ./Static_Code/System/Vectors.o
                              0x4ff7a (size before relaxing)
 .debug_str     0x0005032f    0x69577 ./Sources/Events.o
                              0xb7d6a (size before relaxing)
 .debug_str     0x000b98a6       0x90 ./Sources/main.o
                              0xb7db5 (size before relaxing)
 .debug_str     0x000b9936     0x21a2 ./Project_Settings/Startup_Code/startup.o
                              0x45bc2 (size before relaxing)
 .debug_str     0x000bbad8      0x128 ./Generated_Code/BitIoLdd1.o
                              0x4d3d4 (size before relaxing)
 .debug_str     0x000bbc00       0xb1 ./Generated_Code/BitIoLdd2.o
                              0x4d3d4 (size before relaxing)
 .debug_str     0x000bbcb1       0xb1 ./Generated_Code/BitIoLdd3.o
                              0x4d3d4 (size before relaxing)
 .debug_str     0x000bbd62       0x6d ./Generated_Code/BitIoLdd4.o
                              0x4d30c (size before relaxing)
 .debug_str     0x000bbdcf       0x28 ./Generated_Code/Cpu.o
                              0x4e5d2 (size before relaxing)
 .debug_str     0x000bbdf7      0x166 ./Generated_Code/PE_LDD.o
                              0x4e76b (size before relaxing)

.comment        0x00000000       0x70
 .comment       0x00000000       0x70 ./Static_Code/System/CPU_Init.o
                                 0x71 (size before relaxing)
 .comment       0x00000000       0x71 ./Static_Code/System/Vectors.o
 .comment       0x00000000       0x71 ./Sources/Events.o
 .comment       0x00000000       0x71 ./Sources/main.o
 .comment       0x00000000       0x71 ./Project_Settings/Startup_Code/startup.o
 .comment       0x00000000       0x71 ./Generated_Code/BitIoLdd1.o
 .comment       0x00000000       0x71 ./Generated_Code/BitIoLdd2.o
 .comment       0x00000000       0x71 ./Generated_Code/BitIoLdd3.o
 .comment       0x00000000       0x71 ./Generated_Code/BitIoLdd4.o
 .comment       0x00000000       0x71 ./Generated_Code/Cpu.o
 .comment       0x00000000       0x71 ./Generated_Code/PE_LDD.o

.debug_frame    0x00000000     0x1254
 .debug_frame   0x00000000       0x9c ./Static_Code/System/CPU_Init.o
 .debug_frame   0x0000009c      0xcb0 ./Static_Code/System/Vectors.o
 .debug_frame   0x00000d4c       0x44 ./Sources/Events.o
 .debug_frame   0x00000d90       0x4c ./Sources/main.o
 .debug_frame   0x00000ddc       0xc0 ./Project_Settings/Startup_Code/startup.o
 .debug_frame   0x00000e9c       0xb8 ./Generated_Code/BitIoLdd1.o
 .debug_frame   0x00000f54       0xb8 ./Generated_Code/BitIoLdd2.o
 .debug_frame   0x0000100c       0xb8 ./Generated_Code/BitIoLdd3.o
 .debug_frame   0x000010c4       0x48 ./Generated_Code/BitIoLdd4.o
 .debug_frame   0x0000110c       0x50 ./Generated_Code/Cpu.o
 .debug_frame   0x0000115c       0x64 ./Generated_Code/PE_LDD.o
 .debug_frame   0x000011c0       0x28 c:/freescale/kds_v3/toolchain/bin/../lib/gcc/arm-none-eabi/4.8.4/../../../../arm-none-eabi/lib/armv7e-m/fpu\libg_s.a(lib_a-exit.o)
 .debug_frame   0x000011e8       0x2c c:/freescale/kds_v3/toolchain/bin/../lib/gcc/arm-none-eabi/4.8.4/../../../../arm-none-eabi/lib/armv7e-m/fpu\libg_s.a(lib_a-init.o)
 .debug_frame   0x00001214       0x20 c:/freescale/kds_v3/toolchain/bin/../lib/gcc/arm-none-eabi/4.8.4/../../../../arm-none-eabi/lib/armv7e-m/fpu\libg_s.a(lib_a-memset.o)
 .debug_frame   0x00001234       0x20 c:/freescale/kds_v3/toolchain/bin/../lib/gcc/arm-none-eabi/4.8.4/../../../../arm-none-eabi/lib/armv7e-m/fpu\libnosys.a(_exit.o)
